[INFO] Scanning for projects...
[INFO] 
[INFO] ---------------------< com.hli:design-pattern-zen >---------------------
[INFO] Building design-pattern-zen 0.0.1-SNAPSHOT
[INFO]   from pom.xml
[INFO] --------------------------------[ jar ]---------------------------------
[INFO] 
[INFO] --- resources:3.3.1:resources (default-resources) @ design-pattern-zen ---
[INFO] Copying 1 resource from src\main\resources to target\classes
[INFO] Copying 0 resource from src\main\resources to target\classes
[INFO] 
[INFO] --- compiler:3.14.0:compile (default-compile) @ design-pattern-zen ---
[INFO] Nothing to compile - all classes are up to date.
[INFO] 
[INFO] --- resources:3.3.1:testResources (default-testResources) @ design-pattern-zen ---
[INFO] skip non existing resourceDirectory E:\project\design-pattern-zen\src\test\resources
[INFO] 
[INFO] --- compiler:3.14.0:testCompile (default-testCompile) @ design-pattern-zen ---
[INFO] Nothing to compile - all classes are up to date.
[INFO] 
[INFO] --- surefire:3.5.3:test (default-test) @ design-pattern-zen ---
[INFO] Using auto detected provider org.apache.maven.surefire.junitplatform.JUnitPlatformProvider
[INFO] 
[INFO] -------------------------------------------------------
[INFO]  T E S T S
[INFO] -------------------------------------------------------
[INFO] Running com.hli.design.zen.structural.proxy.ProxyTest
--- [v1_bad] ---
? �۷� 0.1 Ԫ
���ڷ��Ͷ��ţ���ӭע�� GitHub

--- [v3_dynamic_jdk] ---
? [��̬����] ��ʼ����/��־/Ȩ�޼��...
? (����) ���Ͷ�������: ��̬������ͳɹ�
? [��̬����] �ύ����/������Դ...

--- [v2_static] ---
? (��ǿ) ǰ���շ� 0.1 Ԫ
? (����) ���Ͷ�������: ������֤���� 123456
? (��ǿ) ���ü�¼��־
[INFO] Tests run: 3, Failures: 0, Errors: 0, Skipped: 0, Time elapsed: 0.037 s -- in com.hli.design.zen.structural.proxy.ProxyTest
[INFO] 
[INFO] Results:
[INFO] 
[INFO] Tests run: 3, Failures: 0, Errors: 0, Skipped: 0
[INFO] 
[INFO] ------------------------------------------------------------------------
[INFO] BUILD SUCCESS
[INFO] ------------------------------------------------------------------------
[INFO] Total time:  2.112 s
[INFO] Finished at: 2026-01-29T21:06:07+08:00
[INFO] ------------------------------------------------------------------------
